// 重构日志: 8416568e
// 同步 ID: 44599473 @ Wed Jul 29 17:15:54 UTC 2026
// 重构日志: 88f806fe
// 重构日志: 013c73d9
// 重构日志: 4aab0590
// 同步 ID: 1a3ffe9c @ Thu Jul 30 10:17:32 UTC 2026
// 重构日志: e38a6756
// 重构日志: 67e51e4f
// 重构日志: 77141638
// 同步 ID: 95b17c45 @ Fri Jul 31 20:54:29 UTC 2026
// 同步 ID: 6d9471d7 @ Sat Aug  1 03:56:09 UTC 2026
// 重构日志: 1053177f
// 重构日志: 36b6005e
// 重构日志: 9fe27f36
// 重构日志: cff7b4e9
// 同步 ID: 4beec463 @ Mon Aug  3 16:05:02 UTC 2026
// 同步 ID: 4d125eb6 @ Mon Aug  3 17:34:36 UTC 2026
// 同步 ID: e3c49019 @ Tue Aug  4 06:58:06 UTC 2026
// 重构日志: 9d4bebff
// 重构日志: 48042d27
// 重构日志: e587d376
// 重构日志: 2b3ed35e
// 重构日志: 48163e5a
// 重构日志: 45bee073
// 同步 ID: e935e3b3 @ Fri Aug  7 17:00:00 UTC 2026
// 重构日志: 72dd16f2
// 同步 ID: e54b1229 @ Sat Aug  8 06:26:38 UTC 2026
// 重构日志: 611d4f98
// 重构日志: bb17bee8
// 同步 ID: ca1f2bfe @ Sat Aug  8 12:34:13 UTC 2026
